Welcome to Ubuntu 24.04.1 LTS (GNU/Linux 5.15.167.4-microsoft-standard-WSL2 x86_64)

 * Documentation:  https://help.ubuntu.com
 * Management:     https://landscape.canonical.com
 * Support:        https://ubuntu.com/pro

 System information as of Thu Mar 20 17:28:23 EDT 2025

  System load:  0.0                 Processes:             53
  Usage of /:   2.8% of 1006.85GB   Users logged in:       0
  Memory usage: 5%                  IPv4 address for eth0: 172.29.52.191
  Swap usage:   0%

 * Strictly confined Kubernetes makes edge and IoT secure. Learn how MicroK8s
   just raised the bar for easy, resilient and secure K8s cluster deployment.

   https://ubuntu.com/engage/secure-kubernetes-at-the-edge

This message is shown once a day. To disable it please create the
/home/ramyamadabathula/.hushlogin file.
(base) ramyamadabathula@H107-PN-LT:~$ cd /RNAseq_data
-bash: cd: /RNAseq_data: No such file or directory
(base) ramyamadabathula@H107-PN-LT:~$ cd RNAseq_data/
(base) ramyamadabathula@H107-PN-LT:~/RNAseq_data$ ls
SAM  Summary  bash.sh  genes  genome  indexes  samples
(base) ramyamadabathula@H107-PN-LT:~/RNAseq_data$ cd SAM/
(base) ramyamadabathula@H107-PN-LT:~/RNAseq_data/SAM$ LS
LS: command not found
(base) ramyamadabathula@H107-PN-LT:~/RNAseq_data/SAM$ ls
SAMPLE1.sam  SAMPLE2.sam
(base) ramyamadabathula@H107-PN-LT:~/RNAseq_data/SAM$ samtools sort -@ 8 -o SAMPLE1.sorted.bam mapped_SAMPLE1.sam
[E::hts_open_format] Failed to open file "mapped_SAMPLE1.sam" : No such file or directory
samtools sort: can't open "mapped_SAMPLE1.sam": No such file or directory
(base) ramyamadabathula@H107-PN-LT:~/RNAseq_data/SAM$ cd ..
(base) ramyamadabathula@H107-PN-LT:~/RNAseq_data$ samtools sort -@ 8 -o SAMPLE1.sorted.bam mapped_SAM/SAMPLE1.sam
[E::hts_open_format] Failed to open file "mapped_SAM/SAMPLE1.sam" : No such file or directory
samtools sort: can't open "mapped_SAM/SAMPLE1.sam": No such file or directory
(base) ramyamadabathula@H107-PN-LT:~/RNAseq_data$ samtools sort -@ 8 -o SAMPLE1.sorted.bam SAM/SAMPLE1.sam
[bam_sort_core] merging from 0 files and 8 in-memory blocks...
(base) ramyamadabathula@H107-PN-LT:~/RNAseq_data$ cd SAM/
(base) ramyamadabathula@H107-PN-LT:~/RNAseq_data/SAM$ LS
LS: command not found
(base) ramyamadabathula@H107-PN-LT:~/RNAseq_data/SAM$ ls
SAMPLE1.sam  SAMPLE2.sam
(base) ramyamadabathula@H107-PN-LT:~/RNAseq_data/SAM$ cd ..
(base) ramyamadabathula@H107-PN-LT:~/RNAseq_data$ ls
SAM  SAMPLE1.sorted.bam  Summary  bash.sh  genes  genome  indexes  samples
(base) ramyamadabathula@H107-PN-LT:~/RNAseq_data$ samtools index SAMPLE1.sorted.bam
(base) ramyamadabathula@H107-PN-LT:~/RNAseq_data$ ls
SAM  SAMPLE1.sorted.bam  SAMPLE1.sorted.bam.bai  Summary  bash.sh  genes  genome  indexes  samples
(base) ramyamadabathula@H107-PN-LT:~/RNAseq_data$ sudo apt install python3-pip
[sudo] password for ramyamadabathula:
Reading package lists... Done
Building dependency tree... Done
Reading state information... Done
The following additional packages will be installed:
  build-essential bzip2 cpp cpp-13 cpp-13-x86-64-linux-gnu cpp-x86-64-linux-gnu dpkg-dev fakeroot g++ g++-13 g++-13-x86-64-linux-gnu g++-x86-64-linux-gnu
  gcc gcc-13 gcc-13-base gcc-13-x86-64-linux-gnu gcc-x86-64-linux-gnu javascript-common libalgorithm-diff-perl libalgorithm-diff-xs-perl
  libalgorithm-merge-perl libaom3 libasan8 libatomic1 libc-dev-bin libc-devtools libc6-dev libcc1-0 libcrypt-dev libde265-0 libdpkg-perl libexpat1-dev
  libfakeroot libfile-fcntllock-perl libgcc-13-dev libgd3 libheif-plugin-aomdec libheif-plugin-aomenc libheif-plugin-libde265 libheif1 libhwasan0 libisl23
  libitm1 libjs-jquery libjs-sphinxdoc libjs-underscore liblsan0 libmpc3 libpython3-dev libpython3.12-dev libquadmath0 libstdc++-13-dev libtsan2 libubsan1
  linux-libc-dev lto-disabled-list make manpages-dev python3-dev python3-wheel python3.12-dev rpcsvc-proto zlib1g-dev
Suggested packages:
  bzip2-doc cpp-doc gcc-13-locales cpp-13-doc debian-keyring g++-multilib g++-13-multilib gcc-13-doc gcc-multilib autoconf automake libtool flex bison gdb
  gcc-doc gcc-13-multilib gdb-x86-64-linux-gnu apache2 | lighttpd | httpd glibc-doc bzr libgd-tools libheif-plugin-x265 libheif-plugin-ffmpegdec
  libheif-plugin-jpegdec libheif-plugin-jpegenc libheif-plugin-j2kdec libheif-plugin-j2kenc libheif-plugin-rav1e libheif-plugin-svtenc libstdc++-13-doc
  make-doc
The following NEW packages will be installed:
  build-essential bzip2 cpp cpp-13 cpp-13-x86-64-linux-gnu cpp-x86-64-linux-gnu dpkg-dev fakeroot g++ g++-13 g++-13-x86-64-linux-gnu g++-x86-64-linux-gnu
  gcc gcc-13 gcc-13-base gcc-13-x86-64-linux-gnu gcc-x86-64-linux-gnu javascript-common libalgorithm-diff-perl libalgorithm-diff-xs-perl
  libalgorithm-merge-perl libaom3 libasan8 libatomic1 libc-dev-bin libc-devtools libc6-dev libcc1-0 libcrypt-dev libde265-0 libdpkg-perl libexpat1-dev
  libfakeroot libfile-fcntllock-perl libgcc-13-dev libgd3 libheif-plugin-aomdec libheif-plugin-aomenc libheif-plugin-libde265 libheif1 libhwasan0 libisl23
  libitm1 libjs-jquery libjs-sphinxdoc libjs-underscore liblsan0 libmpc3 libpython3-dev libpython3.12-dev libquadmath0 libstdc++-13-dev libtsan2 libubsan1
  linux-libc-dev lto-disabled-list make manpages-dev python3-dev python3-pip python3-wheel python3.12-dev rpcsvc-proto zlib1g-dev
0 upgraded, 64 newly installed, 0 to remove and 121 not upgraded.
Need to get 61.5 MB/81.1 MB of archives.
After this operation, 284 MB of additional disk space will be used.
Do you want to continue? [Y/n] y
Get:1 http://archive.ubuntu.com/ubuntu noble-updates/main amd64 libc-dev-bin amd64 2.39-0ubuntu8.4 [20.4 kB]
Get:2 http://archive.ubuntu.com/ubuntu noble-updates/main amd64 linux-libc-dev amd64 6.8.0-55.57 [1795 kB]
Get:3 http://archive.ubuntu.com/ubuntu noble-updates/main amd64 libc6-dev amd64 2.39-0ubuntu8.4 [2124 kB]
Get:4 http://archive.ubuntu.com/ubuntu noble-updates/main amd64 gcc-13-base amd64 13.3.0-6ubuntu2~24.04 [51.5 kB]
Get:5 http://archive.ubuntu.com/ubuntu noble-updates/main amd64 libisl23 amd64 0.26-3build1.1 [680 kB]
Get:6 http://archive.ubuntu.com/ubuntu noble-updates/main amd64 libmpc3 amd64 1.3.1-1build1.1 [54.6 kB]
Get:7 http://archive.ubuntu.com/ubuntu noble-updates/main amd64 cpp-13-x86-64-linux-gnu amd64 13.3.0-6ubuntu2~24.04 [10.7 MB]
Get:8 http://archive.ubuntu.com/ubuntu noble-updates/main amd64 cpp-13 amd64 13.3.0-6ubuntu2~24.04 [1038 B]
Get:9 http://archive.ubuntu.com/ubuntu noble-updates/main amd64 libgcc-13-dev amd64 13.3.0-6ubuntu2~24.04 [2681 kB]
Get:10 http://archive.ubuntu.com/ubuntu noble-updates/main amd64 gcc-13-x86-64-linux-gnu amd64 13.3.0-6ubuntu2~24.04 [21.1 MB]
Get:11 http://archive.ubuntu.com/ubuntu noble-updates/main amd64 gcc-13 amd64 13.3.0-6ubuntu2~24.04 [494 kB]
Get:12 http://archive.ubuntu.com/ubuntu noble-updates/main amd64 libstdc++-13-dev amd64 13.3.0-6ubuntu2~24.04 [2420 kB]
Get:13 http://archive.ubuntu.com/ubuntu noble-updates/main amd64 g++-13-x86-64-linux-gnu amd64 13.3.0-6ubuntu2~24.04 [12.2 MB]
Get:14 http://archive.ubuntu.com/ubuntu noble-updates/main amd64 g++-13 amd64 13.3.0-6ubuntu2~24.04 [16.1 kB]
Get:15 http://archive.ubuntu.com/ubuntu noble-updates/main amd64 libc-devtools amd64 2.39-0ubuntu8.4 [29.3 kB]
Get:16 http://archive.ubuntu.com/ubuntu noble-updates/main amd64 libexpat1-dev amd64 2.6.1-2ubuntu0.2 [998 kB]
Get:17 http://archive.ubuntu.com/ubuntu noble-updates/main amd64 libpython3.12-dev amd64 3.12.3-1ubuntu0.5 [5675 kB]
Get:18 http://archive.ubuntu.com/ubuntu noble-updates/main amd64 python3.12-dev amd64 3.12.3-1ubuntu0.5 [498 kB]
Fetched 61.5 MB in 11s (5549 kB/s)
Extracting templates from packages: 100%
Selecting previously unselected package libc-dev-bin.
(Reading database ... 45997 files and directories currently installed.)
Preparing to unpack .../00-libc-dev-bin_2.39-0ubuntu8.4_amd64.deb ...
Unpacking libc-dev-bin (2.39-0ubuntu8.4) ...
Selecting previously unselected package linux-libc-dev:amd64.
Preparing to unpack .../01-linux-libc-dev_6.8.0-55.57_amd64.deb ...
Unpacking linux-libc-dev:amd64 (6.8.0-55.57) ...
Selecting previously unselected package libcrypt-dev:amd64.
Preparing to unpack .../02-libcrypt-dev_1%3a4.4.36-4build1_amd64.deb ...
Unpacking libcrypt-dev:amd64 (1:4.4.36-4build1) ...
Selecting previously unselected package rpcsvc-proto.
Preparing to unpack .../03-rpcsvc-proto_1.4.2-0ubuntu7_amd64.deb ...
Unpacking rpcsvc-proto (1.4.2-0ubuntu7) ...
Selecting previously unselected package libc6-dev:amd64.
Preparing to unpack .../04-libc6-dev_2.39-0ubuntu8.4_amd64.deb ...
Unpacking libc6-dev:amd64 (2.39-0ubuntu8.4) ...
Selecting previously unselected package gcc-13-base:amd64.
Preparing to unpack .../05-gcc-13-base_13.3.0-6ubuntu2~24.04_amd64.deb ...
Unpacking gcc-13-base:amd64 (13.3.0-6ubuntu2~24.04) ...
Selecting previously unselected package libisl23:amd64.
Preparing to unpack .../06-libisl23_0.26-3build1.1_amd64.deb ...
Unpacking libisl23:amd64 (0.26-3build1.1) ...
Selecting previously unselected package libmpc3:amd64.
Preparing to unpack .../07-libmpc3_1.3.1-1build1.1_amd64.deb ...
Unpacking libmpc3:amd64 (1.3.1-1build1.1) ...
Selecting previously unselected package cpp-13-x86-64-linux-gnu.
Preparing to unpack .../08-cpp-13-x86-64-linux-gnu_13.3.0-6ubuntu2~24.04_amd64.deb ...
Unpacking cpp-13-x86-64-linux-gnu (13.3.0-6ubuntu2~24.04) ...
Selecting previously unselected package cpp-13.
Preparing to unpack .../09-cpp-13_13.3.0-6ubuntu2~24.04_amd64.deb ...
Unpacking cpp-13 (13.3.0-6ubuntu2~24.04) ...
Selecting previously unselected package cpp-x86-64-linux-gnu.
Preparing to unpack .../10-cpp-x86-64-linux-gnu_4%3a13.2.0-7ubuntu1_amd64.deb ...
Unpacking cpp-x86-64-linux-gnu (4:13.2.0-7ubuntu1) ...
Selecting previously unselected package cpp.
Preparing to unpack .../11-cpp_4%3a13.2.0-7ubuntu1_amd64.deb ...
Unpacking cpp (4:13.2.0-7ubuntu1) ...
Selecting previously unselected package libcc1-0:amd64.
Preparing to unpack .../12-libcc1-0_14.2.0-4ubuntu2~24.04_amd64.deb ...
Unpacking libcc1-0:amd64 (14.2.0-4ubuntu2~24.04) ...
Selecting previously unselected package libitm1:amd64.
Preparing to unpack .../13-libitm1_14.2.0-4ubuntu2~24.04_amd64.deb ...
Unpacking libitm1:amd64 (14.2.0-4ubuntu2~24.04) ...
Selecting previously unselected package libatomic1:amd64.
Preparing to unpack .../14-libatomic1_14.2.0-4ubuntu2~24.04_amd64.deb ...
Unpacking libatomic1:amd64 (14.2.0-4ubuntu2~24.04) ...
Selecting previously unselected package libasan8:amd64.
Preparing to unpack .../15-libasan8_14.2.0-4ubuntu2~24.04_amd64.deb ...
Unpacking libasan8:amd64 (14.2.0-4ubuntu2~24.04) ...
Selecting previously unselected package liblsan0:amd64.
Preparing to unpack .../16-liblsan0_14.2.0-4ubuntu2~24.04_amd64.deb ...
Unpacking liblsan0:amd64 (14.2.0-4ubuntu2~24.04) ...
Selecting previously unselected package libtsan2:amd64.
Preparing to unpack .../17-libtsan2_14.2.0-4ubuntu2~24.04_amd64.deb ...
Unpacking libtsan2:amd64 (14.2.0-4ubuntu2~24.04) ...
Selecting previously unselected package libubsan1:amd64.
Preparing to unpack .../18-libubsan1_14.2.0-4ubuntu2~24.04_amd64.deb ...
Unpacking libubsan1:amd64 (14.2.0-4ubuntu2~24.04) ...
Selecting previously unselected package libhwasan0:amd64.
Preparing to unpack .../19-libhwasan0_14.2.0-4ubuntu2~24.04_amd64.deb ...
Unpacking libhwasan0:amd64 (14.2.0-4ubuntu2~24.04) ...
Selecting previously unselected package libquadmath0:amd64.
Preparing to unpack .../20-libquadmath0_14.2.0-4ubuntu2~24.04_amd64.deb ...
Unpacking libquadmath0:amd64 (14.2.0-4ubuntu2~24.04) ...
Selecting previously unselected package libgcc-13-dev:amd64.
Preparing to unpack .../21-libgcc-13-dev_13.3.0-6ubuntu2~24.04_amd64.deb ...
Unpacking libgcc-13-dev:amd64 (13.3.0-6ubuntu2~24.04) ...
Selecting previously unselected package gcc-13-x86-64-linux-gnu.
Preparing to unpack .../22-gcc-13-x86-64-linux-gnu_13.3.0-6ubuntu2~24.04_amd64.deb ...
Unpacking gcc-13-x86-64-linux-gnu (13.3.0-6ubuntu2~24.04) ...
Selecting previously unselected package gcc-13.
Preparing to unpack .../23-gcc-13_13.3.0-6ubuntu2~24.04_amd64.deb ...
Unpacking gcc-13 (13.3.0-6ubuntu2~24.04) ...
Selecting previously unselected package gcc-x86-64-linux-gnu.
Preparing to unpack .../24-gcc-x86-64-linux-gnu_4%3a13.2.0-7ubuntu1_amd64.deb ...
Unpacking gcc-x86-64-linux-gnu (4:13.2.0-7ubuntu1) ...
Selecting previously unselected package gcc.
Preparing to unpack .../25-gcc_4%3a13.2.0-7ubuntu1_amd64.deb ...
Unpacking gcc (4:13.2.0-7ubuntu1) ...
Selecting previously unselected package libstdc++-13-dev:amd64.
Preparing to unpack .../26-libstdc++-13-dev_13.3.0-6ubuntu2~24.04_amd64.deb ...
Unpacking libstdc++-13-dev:amd64 (13.3.0-6ubuntu2~24.04) ...
Selecting previously unselected package g++-13-x86-64-linux-gnu.
Preparing to unpack .../27-g++-13-x86-64-linux-gnu_13.3.0-6ubuntu2~24.04_amd64.deb ...
Unpacking g++-13-x86-64-linux-gnu (13.3.0-6ubuntu2~24.04) ...
Selecting previously unselected package g++-13.
Preparing to unpack .../28-g++-13_13.3.0-6ubuntu2~24.04_amd64.deb ...
Unpacking g++-13 (13.3.0-6ubuntu2~24.04) ...
Selecting previously unselected package g++-x86-64-linux-gnu.
Preparing to unpack .../29-g++-x86-64-linux-gnu_4%3a13.2.0-7ubuntu1_amd64.deb ...
Unpacking g++-x86-64-linux-gnu (4:13.2.0-7ubuntu1) ...
Selecting previously unselected package g++.
Preparing to unpack .../30-g++_4%3a13.2.0-7ubuntu1_amd64.deb ...
Unpacking g++ (4:13.2.0-7ubuntu1) ...
Selecting previously unselected package make.
Preparing to unpack .../31-make_4.3-4.1build2_amd64.deb ...
Unpacking make (4.3-4.1build2) ...
Selecting previously unselected package libdpkg-perl.
Preparing to unpack .../32-libdpkg-perl_1.22.6ubuntu6.1_all.deb ...
Unpacking libdpkg-perl (1.22.6ubuntu6.1) ...
Selecting previously unselected package bzip2.
Preparing to unpack .../33-bzip2_1.0.8-5.1build0.1_amd64.deb ...
Unpacking bzip2 (1.0.8-5.1build0.1) ...
Selecting previously unselected package lto-disabled-list.
Preparing to unpack .../34-lto-disabled-list_47_all.deb ...
Unpacking lto-disabled-list (47) ...
Selecting previously unselected package dpkg-dev.
Preparing to unpack .../35-dpkg-dev_1.22.6ubuntu6.1_all.deb ...
Unpacking dpkg-dev (1.22.6ubuntu6.1) ...
Selecting previously unselected package build-essential.
Preparing to unpack .../36-build-essential_12.10ubuntu1_amd64.deb ...
Unpacking build-essential (12.10ubuntu1) ...
Selecting previously unselected package libfakeroot:amd64.
Preparing to unpack .../37-libfakeroot_1.33-1_amd64.deb ...
Unpacking libfakeroot:amd64 (1.33-1) ...
Selecting previously unselected package fakeroot.
Preparing to unpack .../38-fakeroot_1.33-1_amd64.deb ...
Unpacking fakeroot (1.33-1) ...
Selecting previously unselected package javascript-common.
Preparing to unpack .../39-javascript-common_11+nmu1_all.deb ...
Unpacking javascript-common (11+nmu1) ...
Selecting previously unselected package libalgorithm-diff-perl.
Preparing to unpack .../40-libalgorithm-diff-perl_1.201-1_all.deb ...
Unpacking libalgorithm-diff-perl (1.201-1) ...
Selecting previously unselected package libalgorithm-diff-xs-perl:amd64.
Preparing to unpack .../41-libalgorithm-diff-xs-perl_0.04-8build3_amd64.deb ...
Unpacking libalgorithm-diff-xs-perl:amd64 (0.04-8build3) ...
Selecting previously unselected package libalgorithm-merge-perl.
Preparing to unpack .../42-libalgorithm-merge-perl_0.08-5_all.deb ...
Unpacking libalgorithm-merge-perl (0.08-5) ...
Selecting previously unselected package libaom3:amd64.
Preparing to unpack .../43-libaom3_3.8.2-2ubuntu0.1_amd64.deb ...
Unpacking libaom3:amd64 (3.8.2-2ubuntu0.1) ...
Selecting previously unselected package libheif-plugin-aomdec:amd64.
Preparing to unpack .../44-libheif-plugin-aomdec_1.17.6-1ubuntu4.1_amd64.deb ...
Unpacking libheif-plugin-aomdec:amd64 (1.17.6-1ubuntu4.1) ...
Selecting previously unselected package libde265-0:amd64.
Preparing to unpack .../45-libde265-0_1.0.15-1build3_amd64.deb ...
Unpacking libde265-0:amd64 (1.0.15-1build3) ...
Selecting previously unselected package libheif-plugin-libde265:amd64.
Preparing to unpack .../46-libheif-plugin-libde265_1.17.6-1ubuntu4.1_amd64.deb ...
Unpacking libheif-plugin-libde265:amd64 (1.17.6-1ubuntu4.1) ...
Selecting previously unselected package libheif1:amd64.
Preparing to unpack .../47-libheif1_1.17.6-1ubuntu4.1_amd64.deb ...
Unpacking libheif1:amd64 (1.17.6-1ubuntu4.1) ...
Selecting previously unselected package libgd3:amd64.
Preparing to unpack .../48-libgd3_2.3.3-9ubuntu5_amd64.deb ...
Unpacking libgd3:amd64 (2.3.3-9ubuntu5) ...
Selecting previously unselected package libc-devtools.
Preparing to unpack .../49-libc-devtools_2.39-0ubuntu8.4_amd64.deb ...
Unpacking libc-devtools (2.39-0ubuntu8.4) ...
Selecting previously unselected package libexpat1-dev:amd64.
Preparing to unpack .../50-libexpat1-dev_2.6.1-2ubuntu0.2_amd64.deb ...
Unpacking libexpat1-dev:amd64 (2.6.1-2ubuntu0.2) ...
Selecting previously unselected package libfile-fcntllock-perl.
Preparing to unpack .../51-libfile-fcntllock-perl_0.22-4ubuntu5_amd64.deb ...
Unpacking libfile-fcntllock-perl (0.22-4ubuntu5) ...
Selecting previously unselected package libheif-plugin-aomenc:amd64.
Preparing to unpack .../52-libheif-plugin-aomenc_1.17.6-1ubuntu4.1_amd64.deb ...
Unpacking libheif-plugin-aomenc:amd64 (1.17.6-1ubuntu4.1) ...
Selecting previously unselected package libjs-jquery.
Preparing to unpack .../53-libjs-jquery_3.6.1+dfsg+~3.5.14-1_all.deb ...
Unpacking libjs-jquery (3.6.1+dfsg+~3.5.14-1) ...
Selecting previously unselected package libjs-underscore.
Preparing to unpack .../54-libjs-underscore_1.13.4~dfsg+~1.11.4-3_all.deb ...
Unpacking libjs-underscore (1.13.4~dfsg+~1.11.4-3) ...
Selecting previously unselected package libjs-sphinxdoc.
Preparing to unpack .../55-libjs-sphinxdoc_7.2.6-6_all.deb ...
Unpacking libjs-sphinxdoc (7.2.6-6) ...
Selecting previously unselected package zlib1g-dev:amd64.
Preparing to unpack .../56-zlib1g-dev_1%3a1.3.dfsg-3.1ubuntu2.1_amd64.deb ...
Unpacking zlib1g-dev:amd64 (1:1.3.dfsg-3.1ubuntu2.1) ...
Selecting previously unselected package libpython3.12-dev:amd64.
Preparing to unpack .../57-libpython3.12-dev_3.12.3-1ubuntu0.5_amd64.deb ...
Unpacking libpython3.12-dev:amd64 (3.12.3-1ubuntu0.5) ...
Selecting previously unselected package libpython3-dev:amd64.
Preparing to unpack .../58-libpython3-dev_3.12.3-0ubuntu2_amd64.deb ...
Unpacking libpython3-dev:amd64 (3.12.3-0ubuntu2) ...
Selecting previously unselected package manpages-dev.
Preparing to unpack .../59-manpages-dev_6.7-2_all.deb ...
Unpacking manpages-dev (6.7-2) ...
Selecting previously unselected package python3.12-dev.
Preparing to unpack .../60-python3.12-dev_3.12.3-1ubuntu0.5_amd64.deb ...
Unpacking python3.12-dev (3.12.3-1ubuntu0.5) ...
Selecting previously unselected package python3-dev.
Preparing to unpack .../61-python3-dev_3.12.3-0ubuntu2_amd64.deb ...
Unpacking python3-dev (3.12.3-0ubuntu2) ...
Selecting previously unselected package python3-wheel.
Preparing to unpack .../62-python3-wheel_0.42.0-2_all.deb ...
Unpacking python3-wheel (0.42.0-2) ...
Selecting previously unselected package python3-pip.
Preparing to unpack .../63-python3-pip_24.0+dfsg-1ubuntu1.1_all.deb ...
Unpacking python3-pip (24.0+dfsg-1ubuntu1.1) ...
Setting up javascript-common (11+nmu1) ...
Setting up libaom3:amd64 (3.8.2-2ubuntu0.1) ...
Setting up manpages-dev (6.7-2) ...
Setting up lto-disabled-list (47) ...
Setting up libfile-fcntllock-perl (0.22-4ubuntu5) ...
Setting up libalgorithm-diff-perl (1.201-1) ...
Setting up linux-libc-dev:amd64 (6.8.0-55.57) ...
Setting up bzip2 (1.0.8-5.1build0.1) ...
Setting up python3-wheel (0.42.0-2) ...
Setting up libfakeroot:amd64 (1.33-1) ...
Setting up fakeroot (1.33-1) ...
update-alternatives: using /usr/bin/fakeroot-sysv to provide /usr/bin/fakeroot (fakeroot) in auto mode
Setting up rpcsvc-proto (1.4.2-0ubuntu7) ...
Setting up gcc-13-base:amd64 (13.3.0-6ubuntu2~24.04) ...
Setting up make (4.3-4.1build2) ...
Setting up libquadmath0:amd64 (14.2.0-4ubuntu2~24.04) ...
Setting up libmpc3:amd64 (1.3.1-1build1.1) ...
Setting up libatomic1:amd64 (14.2.0-4ubuntu2~24.04) ...
Setting up python3-pip (24.0+dfsg-1ubuntu1.1) ...
Setting up libdpkg-perl (1.22.6ubuntu6.1) ...
Setting up libubsan1:amd64 (14.2.0-4ubuntu2~24.04) ...
Setting up libhwasan0:amd64 (14.2.0-4ubuntu2~24.04) ...
Setting up libcrypt-dev:amd64 (1:4.4.36-4build1) ...
Setting up libasan8:amd64 (14.2.0-4ubuntu2~24.04) ...
Setting up libtsan2:amd64 (14.2.0-4ubuntu2~24.04) ...
Setting up libjs-jquery (3.6.1+dfsg+~3.5.14-1) ...
Setting up libisl23:amd64 (0.26-3build1.1) ...
Setting up libde265-0:amd64 (1.0.15-1build3) ...
Setting up libc-dev-bin (2.39-0ubuntu8.4) ...
Setting up libalgorithm-diff-xs-perl:amd64 (0.04-8build3) ...
Setting up libcc1-0:amd64 (14.2.0-4ubuntu2~24.04) ...
Setting up liblsan0:amd64 (14.2.0-4ubuntu2~24.04) ...
Setting up libitm1:amd64 (14.2.0-4ubuntu2~24.04) ...
Setting up libjs-underscore (1.13.4~dfsg+~1.11.4-3) ...
Setting up libalgorithm-merge-perl (0.08-5) ...
Setting up cpp-13-x86-64-linux-gnu (13.3.0-6ubuntu2~24.04) ...
Setting up dpkg-dev (1.22.6ubuntu6.1) ...
Setting up libjs-sphinxdoc (7.2.6-6) ...
Setting up libgcc-13-dev:amd64 (13.3.0-6ubuntu2~24.04) ...
Setting up libc6-dev:amd64 (2.39-0ubuntu8.4) ...
Setting up libstdc++-13-dev:amd64 (13.3.0-6ubuntu2~24.04) ...
Setting up cpp-x86-64-linux-gnu (4:13.2.0-7ubuntu1) ...
Setting up cpp-13 (13.3.0-6ubuntu2~24.04) ...
Setting up gcc-13-x86-64-linux-gnu (13.3.0-6ubuntu2~24.04) ...
Setting up libexpat1-dev:amd64 (2.6.1-2ubuntu0.2) ...
Setting up gcc-13 (13.3.0-6ubuntu2~24.04) ...
Setting up zlib1g-dev:amd64 (1:1.3.dfsg-3.1ubuntu2.1) ...
Setting up cpp (4:13.2.0-7ubuntu1) ...
Setting up g++-13-x86-64-linux-gnu (13.3.0-6ubuntu2~24.04) ...
Setting up gcc-x86-64-linux-gnu (4:13.2.0-7ubuntu1) ...
Setting up libpython3.12-dev:amd64 (3.12.3-1ubuntu0.5) ...
Setting up gcc (4:13.2.0-7ubuntu1) ...
Setting up python3.12-dev (3.12.3-1ubuntu0.5) ...
Setting up g++-x86-64-linux-gnu (4:13.2.0-7ubuntu1) ...
Setting up g++-13 (13.3.0-6ubuntu2~24.04) ...
Setting up libpython3-dev:amd64 (3.12.3-0ubuntu2) ...
Setting up python3-dev (3.12.3-0ubuntu2) ...
Setting up g++ (4:13.2.0-7ubuntu1) ...
update-alternatives: using /usr/bin/g++ to provide /usr/bin/c++ (c++) in auto mode
Setting up build-essential (12.10ubuntu1) ...
Setting up libheif1:amd64 (1.17.6-1ubuntu4.1) ...
Setting up libgd3:amd64 (2.3.3-9ubuntu5) ...
Setting up libc-devtools (2.39-0ubuntu8.4) ...
Setting up libheif-plugin-aomdec:amd64 (1.17.6-1ubuntu4.1) ...
Setting up libheif-plugin-libde265:amd64 (1.17.6-1ubuntu4.1) ...
Setting up libheif-plugin-aomenc:amd64 (1.17.6-1ubuntu4.1) ...
Processing triggers for libc-bin (2.39-0ubuntu8.4) ...
Processing triggers for man-db (2.12.0-4build2) ...
(base) ramyamadabathula@H107-PN-LT:~/RNAseq_data$ sudo apt install python-htseq
Reading package lists... Done
Building dependency tree... Done
Reading state information... Done
Note, selecting 'python3-htseq' instead of 'python-htseq'
python3-htseq is already the newest version (2.0.5-1build1).
0 upgraded, 0 newly installed, 0 to remove and 121 not upgraded.
(base) ramyamadabathula@H107-PN-LT:~/RNAseq_data$ htseq-count -i gene_id -f bam -t exon -m intersection-nonempty -s no SAMPLE1.sorted.bam genes/chrX.gtf > SAMPLE1.count.txt
38664 GFF lines processed.
Warning: Read ERR188273.13655123 claims to have an aligned mate which could not be found in an adjacent line.
100000 alignment record pairs processed.
200000 alignment record pairs processed.
300000 alignment record pairs processed.
400000 alignment record pairs processed.
500000 alignment record pairs processed.
600000 alignment record pairs processed.
700000 alignment record pairs processed.
800000 alignment record pairs processed.
900000 alignment record pairs processed.
1000000 alignment record pairs processed.
Warning: 1043716 reads with missing mate encountered.
1099727 alignment record pairs processed.
(base) ramyamadabathula@H107-PN-LT:~/RNAseq_data$ ls
SAM  SAMPLE1.count.txt  SAMPLE1.sorted.bam  SAMPLE1.sorted.bam.bai  Summary  bash.sh  genes  genome  indexes  samples
(base) ramyamadabathula@H107-PN-LT:~/RNAseq_data$ less SAMPLE1.count.txt
(base) ramyamadabathula@H107-PN-LT:~/RNAseq_data$ ls
SAM  SAMPLE1.count.txt  SAMPLE1.sorted.bam  SAMPLE1.sorted.bam.bai  Summary  bash.sh  genes  genome  indexes  samples
(base) ramyamadabathula@H107-PN-LT:~/RNAseq_data$ rm SAMPLE1.count.txt
(base) ramyamadabathula@H107-PN-LT:~/RNAseq_data$ rm SAMPLE1.sorted.bam
(base) ramyamadabathula@H107-PN-LT:~/RNAseq_data$ rm SAMPLE1.sorted.bam.bai
(base) ramyamadabathula@H107-PN-LT:~/RNAseq_data$ ls
SAM  Summary  bash.sh  genes  genome  indexes  samples
(base) ramyamadabathula@H107-PN-LT:~/RNAseq_data$ mkdir BAM
(base) ramyamadabathula@H107-PN-LT:~/RNAseq_data$ mkdir Count_Files
(base) ramyamadabathula@H107-PN-LT:~/RNAseq_data$ nano bash.sh
(base) ramyamadabathula@H107-PN-LT:~/RNAseq_data$ nano bash.sh
(base) ramyamadabathula@H107-PN-LT:~/RNAseq_data$ ls
BAM  Count_Files  SAM  Summary  bash.sh  genes  genome  indexes  samples
(base) ramyamadabathula@H107-PN-LT:~/RNAseq_data$ bash bash.sh
[bam_sort_core] merging from 0 files and 8 in-memory blocks...
38664 GFF lines processed.
Warning: Read ERR188273.13655123 claims to have an aligned mate which could not be found in an adjacent line.
100000 alignment record pairs processed.
200000 alignment record pairs processed.
300000 alignment record pairs processed.
400000 alignment record pairs processed.
500000 alignment record pairs processed.
600000 alignment record pairs processed.
700000 alignment record pairs processed.
800000 alignment record pairs processed.
900000 alignment record pairs processed.
1000000 alignment record pairs processed.
Warning: 1043716 reads with missing mate encountered.
1099727 alignment record pairs processed.
[bam_sort_core] merging from 0 files and 8 in-memory blocks...
38664 GFF lines processed.
Warning: Read ERR188428.5247648 claims to have an aligned mate which could not be found in an adjacent line.
100000 alignment record pairs processed.
200000 alignment record pairs processed.
300000 alignment record pairs processed.
400000 alignment record pairs processed.
500000 alignment record pairs processed.
600000 alignment record pairs processed.
700000 alignment record pairs processed.
800000 alignment record pairs processed.
900000 alignment record pairs processed.
1000000 alignment record pairs processed.
1100000 alignment record pairs processed.
1200000 alignment record pairs processed.
1300000 alignment record pairs processed.
1400000 alignment record pairs processed.
1500000 alignment record pairs processed.
1600000 alignment record pairs processed.
Warning: 1536770 reads with missing mate encountered.
1608866 alignment record pairs processed.
(base) ramyamadabathula@H107-PN-LT:~/RNAseq_data$ ls
BAM  Count_Files  SAM  Summary  bash.sh  genes  genome  indexes  samples
(base) ramyamadabathula@H107-PN-LT:~/RNAseq_data$ cd Count_Files/
(base) ramyamadabathula@H107-PN-LT:~/RNAseq_data/Count_Files$ ls
SAMPLE1.count.txt  SAMPLE2.count.txt
(base) ramyamadabathula@H107-PN-LT:~/RNAseq_data/Count_Files$ cd ..
(base) ramyamadabathula@H107-PN-LT:~/RNAseq_data$ cd BAM/
(base) ramyamadabathula@H107-PN-LT:~/RNAseq_data/BAM$ ls
SAMPLE1.sorted.bam  SAMPLE1.sorted.bam.bai  SAMPLE2.sorted.bam  SAMPLE2.sorted.bam.bai
(base) ramyamadabathula@H107-PN-LT:~/RNAseq_data/BAM$ cd ..
(base) ramyamadabathula@H107-PN-LT:~/RNAseq_data$
